// Jest Snapshot v1, https://goo.gl/fbAQLP

exports[`Should render Loading 1`] = `
<div
  className="loading spinner"
/>
`;
