// Jest Snapshot v1, https://goo.gl/fbAQLP

exports[`component <Ribbon /> should render correctly 1`] = `
<div
  className="ribbon"
>
  Lorem ipsum
</div>
`;
