// Jest Snapshot v1, https://goo.gl/fbAQLP

exports[`Should render Img 1`] = `
<img
  alt="image description"
  role={null}
  src="img.png"
/>
`;
